rcor@botanist:/media/rcor/USBROCHA/working-paper/PA/p2$ python cachesim.py examples/trace1.txt -stats -mesi2 #32
Total Reads: 163840
Total Writes: 32768
Total Requests: 196608
Hit Rate: 0.954778035482
Direct Write: 32717
Invalidations: 51
Invalidation Sent: 153
Private Accesses: 187717
Remote Accesses: 150
Off-chip Accesses: 8741
Protocol Writeback: 51
Replacement Writeback: 6357
Total Cycle Count: 664777
Mean Cycle Per Req.: 3.3812306722
rcor@botanist:/media/rcor/USBROCHA/working-paper/PA/p2$ python cachesim.py examples/trace1.txt -stats -mesi2 #64
Total Reads: 163840
Total Writes: 32768
Total Requests: 196608
Hit Rate: 0.954778035482
Direct Write: 32717
Invalidations: 51
Invalidation Sent: 153
Private Accesses: 187717
Remote Accesses: 150
Off-chip Accesses: 8741
Protocol Writeback: 51
Replacement Writeback: 6357
Total Cycle Count: 663627
Mean Cycle Per Req.: 3.37538146973
rcor@botanist:/media/rcor/USBROCHA/working-paper/PA/p2$ python cachesim.py examples/trace1.txt -stats -mesi2 #128
Total Reads: 163840
Total Writes: 32768
Total Requests: 196608
Hit Rate: 0.954778035482
Direct Write: 32717
Invalidations: 51
Invalidation Sent: 153
Private Accesses: 187717
Remote Accesses: 150
Off-chip Accesses: 8741
Protocol Writeback: 51
Replacement Writeback: 6357
Total Cycle Count: 663037
Mean Cycle Per Req.: 3.37238057454
rcor@botanist:/media/rcor/USBROCHA/working-paper/PA/p2$ python cachesim.py examples/trace1.txt -stats -mesi2 #256
Total Reads: 163840
Total Writes: 32768
Total Requests: 196608
Hit Rate: 0.954778035482
Direct Write: 32717
Invalidations: 51
Invalidation Sent: 153
Private Accesses: 187717
Remote Accesses: 150
Off-chip Accesses: 8741
Protocol Writeback: 51
Replacement Writeback: 6357
Total Cycle Count: 663037
Mean Cycle Per Req.: 3.37238057454
rcor@botanist:/media/rcor/USBROCHA/working-paper/PA/p2$ python cachesim.py examples/trace1.txt -stats -mesi2 #512
Total Reads: 163840
Total Writes: 32768
Total Requests: 196608
Hit Rate: 0.954778035482
Direct Write: 32717
Invalidations: 51
Invalidation Sent: 153
Private Accesses: 187717
Remote Accesses: 150
Off-chip Accesses: 8741
Protocol Writeback: 51
Replacement Writeback: 6357
Total Cycle Count: 663037
Mean Cycle Per Req.: 3.37238057454
rcor@botanist:/media/rcor/USBROCHA/working-paper/PA/p2$ python cachesim.py examples/trace1.txt -stats -mesi2 #1024
Total Reads: 163840
Total Writes: 32768
Total Requests: 196608
Hit Rate: 0.954778035482
Direct Write: 32717
Invalidations: 51
Invalidation Sent: 153
Private Accesses: 187717
Remote Accesses: 150
Off-chip Accesses: 8741
Protocol Writeback: 51
Replacement Writeback: 6357
Total Cycle Count: 631867
Mean Cycle Per Req.: 3.21384175618
rcor@botanist:/media/rcor/USBROCHA/working-paper/PA/p2$ python cachesim.py examples/trace1.txt -stats -mesi2 #2048
Total Reads: 163840
Total Writes: 32768
Total Requests: 196608
Hit Rate: 0.954778035482
Direct Write: 32717
Invalidations: 51
Invalidation Sent: 153
Private Accesses: 187717
Remote Accesses: 150
Off-chip Accesses: 8741
Protocol Writeback: 51
Replacement Writeback: 6357
Total Cycle Count: 631337
Mean Cycle Per Req.: 3.21114603678


--------------------------------------------------



rcor@botanist:/media/rcor/USBROCHA/working-paper/PA/p2$ python cachesim.py examples/trace2.txt -stats -mesi2 #32
Total Reads: 507093
Total Writes: 76462
Total Requests: 583555
Hit Rate: 0.855568027007
Direct Write: 38839
Invalidations: 48557
Invalidation Sent: 111159
Private Accesses: 499271
Remote Accesses: 83641
Off-chip Accesses: 643
Protocol Writeback: 35757
Replacement Writeback: 0
Total Cycle Count: 2433597
Mean Cycle Per Req.: 4.170295859
rcor@botanist:/media/rcor/USBROCHA/working-paper/PA/p2$ python cachesim.py examples/trace2.txt -stats -mesi2 #64
Total Reads: 507093
Total Writes: 76462
Total Requests: 583555
Hit Rate: 0.855568027007
Direct Write: 38839
Invalidations: 48557
Invalidation Sent: 111159
Private Accesses: 499271
Remote Accesses: 83641
Off-chip Accesses: 643
Protocol Writeback: 35757
Replacement Writeback: 0
Total Cycle Count: 2433337
Mean Cycle Per Req.: 4.16985031402
rcor@botanist:/media/rcor/USBROCHA/working-paper/PA/p2$ python cachesim.py examples/trace2.txt -stats -mesi2 #128
Total Reads: 507093
Total Writes: 76462
Total Requests: 583555
Hit Rate: 0.855568027007
Direct Write: 38839
Invalidations: 48557
Invalidation Sent: 111159
Private Accesses: 499271
Remote Accesses: 83641
Off-chip Accesses: 643
Protocol Writeback: 35757
Replacement Writeback: 0
Total Cycle Count: 2432927
Mean Cycle Per Req.: 4.16914772386
rcor@botanist:/media/rcor/USBROCHA/working-paper/PA/p2$ python cachesim.py examples/trace2.txt -stats -mesi2 #256
Total Reads: 507093
Total Writes: 76462
Total Requests: 583555
Hit Rate: 0.855568027007
Direct Write: 38839
Invalidations: 48557
Invalidation Sent: 111159
Private Accesses: 499271
Remote Accesses: 83641
Off-chip Accesses: 643
Protocol Writeback: 35757
Replacement Writeback: 0
Total Cycle Count: 2432247
Mean Cycle Per Req.: 4.16798245238
rcor@botanist:/media/rcor/USBROCHA/working-paper/PA/p2$ python cachesim.py examples/trace2.txt -stats -mesi2 #512
Total Reads: 507093
Total Writes: 76462
Total Requests: 583555
Hit Rate: 0.855568027007
Direct Write: 38839
Invalidations: 48557
Invalidation Sent: 111159
Private Accesses: 499271
Remote Accesses: 83641
Off-chip Accesses: 643
Protocol Writeback: 35757
Replacement Writeback: 0
Total Cycle Count: 2431807
Mean Cycle Per Req.: 4.16722845319
rcor@botanist:/media/rcor/USBROCHA/working-paper/PA/p2$ python cachesim.py examples/trace2.txt -stats -mesi2 #1024
Total Reads: 507093
Total Writes: 76462
Total Requests: 583555
Hit Rate: 0.855568027007
Direct Write: 38839
Invalidations: 48557
Invalidation Sent: 111159
Private Accesses: 499271
Remote Accesses: 83641
Off-chip Accesses: 643
Protocol Writeback: 35757
Replacement Writeback: 0
Total Cycle Count: 2431807
Mean Cycle Per Req.: 4.16722845319
rcor@botanist:/media/rcor/USBROCHA/working-paper/PA/p2$ python cachesim.py examples/trace2.txt -stats -mesi2 #2048
Total Reads: 507093
Total Writes: 76462
Total Requests: 583555
Hit Rate: 0.855568027007
Direct Write: 38839
Invalidations: 48557
Invalidation Sent: 111159
Private Accesses: 499271
Remote Accesses: 83641
Off-chip Accesses: 643
Protocol Writeback: 35757
Replacement Writeback: 0
Total Cycle Count: 2431807
Mean Cycle Per Req.: 4.16722845319



