rcor@botanist:/media/rcor/USBROCHA/working-paper/PA/p2$ python cachesim.py examples/trace2.txt -stats #32
Total Reads: 507093
Total Writes: 76462
Total Requests: 583555
Hit Rate: 0.455473777108
Direct Write: 4594
Invalidations: 13511
Invalidation Sent: 71868
Private Accesses: 265794
Remote Accesses: 169527
Off-chip Accesses: 148234
Protocol Writeback: 8880
Replacement Writeback: 62851
Total Cycle Count: 8241466
Mean Cycle Per Req.: 14.1228607415
rcor@botanist:/media/rcor/USBROCHA/working-paper/PA/p2$ python cachesim.py examples/trace2.txt -stats #64
Total Reads: 507093
Total Writes: 76462
Total Requests: 583555
Hit Rate: 0.653163797757
Direct Write: 11860
Invalidations: 24757
Invalidation Sent: 64602
Private Accesses: 381157
Remote Accesses: 110875
Off-chip Accesses: 91523
Protocol Writeback: 17136
Replacement Writeback: 47063
Total Cycle Count: 5623842
Mean Cycle Per Req.: 9.63720986025
rcor@botanist:/media/rcor/USBROCHA/working-paper/PA/p2$ python cachesim.py examples/trace2.txt -stats #128
Total Reads: 507093
Total Writes: 76462
Total Requests: 583555
Hit Rate: 0.743808210023
Direct Write: 21245
Invalidations: 36336
Invalidation Sent: 55217
Private Accesses: 434053
Remote Accesses: 99201
Off-chip Accesses: 50301
Protocol Writeback: 26248
Replacement Writeback: 28073
Total Cycle Count: 4197327
Mean Cycle Per Req.: 7.19268449418
rcor@botanist:/media/rcor/USBROCHA/working-paper/PA/p2$ python cachesim.py examples/trace2.txt -stats #256
Total Reads: 507093
Total Writes: 76462
Total Requests: 583555
Hit Rate: 0.806611202029
Direct Write: 29641
Invalidations: 46394
Invalidation Sent: 46821
Private Accesses: 470702
Remote Accesses: 94587
Off-chip Accesses: 18266
Protocol Writeback: 34440
Replacement Writeback: 10927
Total Cycle Count: 3143974
Mean Cycle Per Req.: 5.38762241777
rcor@botanist:/media/rcor/USBROCHA/working-paper/PA/p2$ python cachesim.py examples/trace2.txt -stats #512
Total Reads: 507093
Total Writes: 76462
Total Requests: 583555
Hit Rate: 0.84227022303
Direct Write: 34942
Invalidations: 52559
Invalidation Sent: 41520
Private Accesses: 491511
Remote Accesses: 91537
Off-chip Accesses: 507
Protocol Writeback: 39537
Replacement Writeback: 0
Total Cycle Count: 2547924
Mean Cycle Per Req.: 4.36621055428
rcor@botanist:/media/rcor/USBROCHA/working-paper/PA/p2$ python cachesim.py examples/trace2.txt -stats #1024
Total Reads: 507093
Total Writes: 76462
Total Requests: 583555
Hit Rate: 0.84227022303
Direct Write: 34942
Invalidations: 52559
Invalidation Sent: 41520
Private Accesses: 491511
Remote Accesses: 91537
Off-chip Accesses: 507
Protocol Writeback: 39537
Replacement Writeback: 0
Total Cycle Count: 2547924
Mean Cycle Per Req.: 4.36621055428
rcor@botanist:/media/rcor/USBROCHA/working-paper/PA/p2$ python cachesim.py examples/trace2.txt -stats #2048
Total Reads: 507093
Total Writes: 76462
Total Requests: 583555
Hit Rate: 0.84227022303
Direct Write: 34942
Invalidations: 52559
Invalidation Sent: 41520
Private Accesses: 491511
Remote Accesses: 91537
Off-chip Accesses: 507
Protocol Writeback: 39537
Replacement Writeback: 0
Total Cycle Count: 2547924
Mean Cycle Per Req.: 4.36621055428
----------------------------------------------------------------------
rcor@botanist:/media/rcor/USBROCHA/working-paper/PA/p2$ python cachesim.py examples/trace2.txt -stats -dir #32
Total Reads: 507093
Total Writes: 76462
Total Requests: 583555
Hit Rate: 0.46113733924
Direct Write: 4714
Invalidations: 10991
Invalidation Sent: 8175
Private Accesses: 269099
Remote Accesses: 76962
Off-chip Accesses: 237494
Protocol Writeback: 8222
Replacement Writeback: 63389
Total Cycle Count: 5866654
Mean Cycle Per Req.: 10.0533008885
rcor@botanist:/media/rcor/USBROCHA/working-paper/PA/p2$ python cachesim.py examples/trace2.txt -stats -dir #64
Total Reads: 507093
Total Writes: 76462
Total Requests: 583555
Hit Rate: 0.66963525289
Direct Write: 12594
Invalidations: 17252
Invalidation Sent: 13706
Private Accesses: 390769
Remote Accesses: 49465
Off-chip Accesses: 143321
Protocol Writeback: 15152
Replacement Writeback: 48304
Total Cycle Count: 4012502
Mean Cycle Per Req.: 6.87596199159
rcor@botanist:/media/rcor/USBROCHA/working-paper/PA/p2$ python cachesim.py examples/trace2.txt -stats -dir #128
Total Reads: 507093
Total Writes: 76462
Total Requests: 583555
Hit Rate: 0.777974655345
Direct Write: 25182
Invalidations: 20639
Invalidation Sent: 18401
Private Accesses: 453991
Remote Accesses: 48482
Off-chip Accesses: 81082
Protocol Writeback: 20196
Replacement Writeback: 30097
Total Cycle Count: 2972405
Mean Cycle Per Req.: 5.09361585455
rcor@botanist:/media/rcor/USBROCHA/working-paper/PA/p2$ python cachesim.py examples/trace2.txt -stats -dir #256
Total Reads: 507093
Total Writes: 76462
Total Requests: 583555
Hit Rate: 0.857322788769
Direct Write: 38304
Invalidations: 25400
Invalidation Sent: 24158
Private Accesses: 500295
Remote Accesses: 51911
Off-chip Accesses: 31349
Protocol Writeback: 24235
Replacement Writeback: 12250
Total Cycle Count: 2182026
Mean Cycle Per Req.: 3.73919510586
rcor@botanist:/media/rcor/USBROCHA/working-paper/PA/p2$ python cachesim.py examples/trace2.txt -stats -dir #512
Total Reads: 507093
Total Writes: 76462
Total Requests: 583555
Hit Rate: 0.885827385593
Direct Write: 42297
Invalidations: 34693
Invalidation Sent: 33898
Private Accesses: 516929
Remote Accesses: 66119
Off-chip Accesses: 507
Protocol Writeback: 31875
Replacement Writeback: 0
Total Cycle Count: 1812761
Mean Cycle Per Req.: 3.10640984997
rcor@botanist:/media/rcor/USBROCHA/working-paper/PA/p2$ python cachesim.py examples/trace2.txt -stats -dir #1024
Total Reads: 507093
Total Writes: 76462
Total Requests: 583555
Hit Rate: 0.885827385593
Direct Write: 42297
Invalidations: 34693
Invalidation Sent: 33898
Private Accesses: 516929
Remote Accesses: 66119
Off-chip Accesses: 507
Protocol Writeback: 31875
Replacement Writeback: 0
Total Cycle Count: 1812761
Mean Cycle Per Req.: 3.10640984997
rcor@botanist:/media/rcor/USBROCHA/working-paper/PA/p2$ python cachesim.py examples/trace2.txt -stats -dir #2048
Total Reads: 507093
Total Writes: 76462
Total Requests: 583555
Hit Rate: 0.885827385593
Direct Write: 42297
Invalidations: 34693
Invalidation Sent: 33898
Private Accesses: 516929
Remote Accesses: 66119
Off-chip Accesses: 507
Protocol Writeback: 31875
Replacement Writeback: 0
Total Cycle Count: 1812761
Mean Cycle Per Req.: 3.10640984997
-------------------------------------------------------------------------------------
rcor@botanist:/media/rcor/USBROCHA/working-paper/PA/p2$ python cachesim.py examples/trace2.txt -stats -mesi1 #32
Total Reads: 507093
Total Writes: 76462
Total Requests: 583555
Hit Rate: 0.456954357344
Direct Write: 4920
Invalidations: 8922
Invalidation Sent: 214514
Private Accesses: 266658
Remote Accesses: 164395
Off-chip Accesses: 152502
Protocol Writeback: 8687
Replacement Writeback: 63033
Total Cycle Count: 8296737
Mean Cycle Per Req.: 14.2175750358
rcor@botanist:/media/rcor/USBROCHA/working-paper/PA/p2$ python cachesim.py examples/trace2.txt -stats -mesi1 #64
Total Reads: 507093
Total Writes: 76462
Total Requests: 583555
Hit Rate: 0.659541945489
Direct Write: 12775
Invalidations: 17062
Invalidation Sent: 190691
Private Accesses: 384879
Remote Accesses: 101163
Off-chip Accesses: 97513
Protocol Writeback: 15697
Replacement Writeback: 47998
Total Cycle Count: 5663822
Mean Cycle Per Req.: 9.70572096889
rcor@botanist:/media/rcor/USBROCHA/working-paper/PA/p2$ python cachesim.py examples/trace2.txt -stats -mesi1 #128
Total Reads: 507093
Total Writes: 76462
Total Requests: 583555
Hit Rate: 0.759035566485
Direct Write: 23877
Invalidations: 26738
Invalidation Sent: 156900
Private Accesses: 442939
Remote Accesses: 84931
Off-chip Accesses: 55685
Protocol Writeback: 22283
Replacement Writeback: 29881
Total Cycle Count: 4149645
Mean Cycle Per Req.: 7.11097497237
rcor@botanist:/media/rcor/USBROCHA/working-paper/PA/p2$ python cachesim.py examples/trace2.txt -stats -mesi1 #256
Total Reads: 507093
Total Writes: 76462
Total Requests: 583555
Hit Rate: 0.824266778624
Direct Write: 33670
Invalidations: 38954
Invalidation Sent: 127013
Private Accesses: 481005
Remote Accesses: 81799
Off-chip Accesses: 20751
Protocol Writeback: 29581
Replacement Writeback: 12071
Total Cycle Count: 3028643
Mean Cycle Per Req.: 5.18998723342
rcor@botanist:/media/rcor/USBROCHA/working-paper/PA/p2$ python cachesim.py examples/trace2.txt -stats -mesi1 #512
Total Reads: 507093
Total Writes: 76462
Total Requests: 583555
Hit Rate: 0.855568027007
Direct Write: 38839
Invalidations: 48557
Invalidation Sent: 111159
Private Accesses: 499271
Remote Accesses: 83641
Off-chip Accesses: 643
Protocol Writeback: 35757
Replacement Writeback: 0
Total Cycle Count: 2433414
Mean Cycle Per Req.: 4.16998226388
rcor@botanist:/media/rcor/USBROCHA/working-paper/PA/p2$ python cachesim.py examples/trace2.txt -stats -mesi1 #1024
Total Reads: 507093
Total Writes: 76462
Total Requests: 583555
Hit Rate: 0.855568027007
Direct Write: 38839
Invalidations: 48557
Invalidation Sent: 111159
Private Accesses: 499271
Remote Accesses: 83641
Off-chip Accesses: 643
Protocol Writeback: 35757
Replacement Writeback: 0
Total Cycle Count: 2433414
Mean Cycle Per Req.: 4.16998226388
rcor@botanist:/media/rcor/USBROCHA/working-paper/PA/p2$ python cachesim.py examples/trace2.txt -stats -mesi1 #2048
Total Reads: 507093
Total Writes: 76462
Total Requests: 583555
Hit Rate: 0.855568027007
Direct Write: 38839
Invalidations: 48557
Invalidation Sent: 111159
Private Accesses: 499271
Remote Accesses: 83641
Off-chip Accesses: 643
Protocol Writeback: 35757
Replacement Writeback: 0
Total Cycle Count: 2433414
Mean Cycle Per Req.: 4.16998226388
-------------------------------------------------------------
rcor@botanist:/media/rcor/USBROCHA/working-paper/PA/p2$ python cachesim.py examples/trace2.txt -stats -mesi2 #32
Total Reads: 507093
Total Writes: 76462
Total Requests: 583555
Hit Rate: 0.456954357344
Direct Write: 4920
Invalidations: 8922
Invalidation Sent: 214514
Private Accesses: 266658
Remote Accesses: 164395
Off-chip Accesses: 152502
Protocol Writeback: 8687
Replacement Writeback: 63033
Total Cycle Count: 7883619
Mean Cycle Per Req.: 13.5096417647
rcor@botanist:/media/rcor/USBROCHA/working-paper/PA/p2$ python cachesim.py examples/trace2.txt -stats -mesi2 #64
Total Reads: 507093
Total Writes: 76462
Total Requests: 583555
Hit Rate: 0.659541945489
Direct Write: 12775
Invalidations: 17062
Invalidation Sent: 190691
Private Accesses: 384879
Remote Accesses: 101163
Off-chip Accesses: 97513
Protocol Writeback: 15697
Replacement Writeback: 47998
Total Cycle Count: 5355375
Mean Cycle Per Req.: 9.17715553804
rcor@botanist:/media/rcor/USBROCHA/working-paper/PA/p2$ python cachesim.py examples/trace2.txt -stats -mesi2 #128
Total Reads: 507093
Total Writes: 76462
Total Requests: 583555
Hit Rate: 0.759035566485
Direct Write: 23877
Invalidations: 26738
Invalidation Sent: 156900
Private Accesses: 442939
Remote Accesses: 84931
Off-chip Accesses: 55685
Protocol Writeback: 22283
Replacement Writeback: 29881
Total Cycle Count: 3948230
Mean Cycle Per Req.: 6.76582327287
rcor@botanist:/media/rcor/USBROCHA/working-paper/PA/p2$ python cachesim.py examples/trace2.txt -stats -mesi2 #256
Total Reads: 507093
Total Writes: 76462
Total Requests: 583555
Hit Rate: 0.824266778624
Direct Write: 33670
Invalidations: 38954
Invalidation Sent: 127013
Private Accesses: 481005
Remote Accesses: 81799
Off-chip Accesses: 20751
Protocol Writeback: 29581
Replacement Writeback: 12071
Total Cycle Count: 2947524
Mean Cycle Per Req.: 5.05097891373
rcor@botanist:/media/rcor/USBROCHA/working-paper/PA/p2$ python cachesim.py examples/trace2.txt -stats -mesi2 #512
Total Reads: 507093
Total Writes: 76462
Total Requests: 583555
Hit Rate: 0.855568027007
Direct Write: 38839
Invalidations: 48557
Invalidation Sent: 111159
Private Accesses: 499271
Remote Accesses: 83641
Off-chip Accesses: 643
Protocol Writeback: 35757
Replacement Writeback: 0
Total Cycle Count: 2432247
Mean Cycle Per Req.: 4.16798245238
rcor@botanist:/media/rcor/USBROCHA/working-paper/PA/p2$ python cachesim.py examples/trace2.txt -stats -mesi2 #1024
Total Reads: 507093
Total Writes: 76462
Total Requests: 583555
Hit Rate: 0.855568027007
Direct Write: 38839
Invalidations: 48557
Invalidation Sent: 111159
Private Accesses: 499271
Remote Accesses: 83641
Off-chip Accesses: 643
Protocol Writeback: 35757
Replacement Writeback: 0
Total Cycle Count: 2432247
Mean Cycle Per Req.: 4.16798245238
rcor@botanist:/media/rcor/USBROCHA/working-paper/PA/p2$ python cachesim.py examples/trace2.txt -stats -mesi2 #2048
Total Reads: 507093
Total Writes: 76462
Total Requests: 583555
Hit Rate: 0.855568027007
Direct Write: 38839
Invalidations: 48557
Invalidation Sent: 111159
Private Accesses: 499271
Remote Accesses: 83641
Off-chip Accesses: 643
Protocol Writeback: 35757
Replacement Writeback: 0
Total Cycle Count: 2432247
Mean Cycle Per Req.: 4.16798245238
=============================================================================
rcor@botanist:/media/rcor/USBROCHA/working-paper/PA/p2$ python cachesim.py examples/trace2.txt -stats #1
Total Reads: 507093
Total Writes: 76462
Total Requests: 583555
Hit Rate: 0.815247920076
Direct Write: 33621
Invalidations: 31282
Invalidation Sent: 42841
Private Accesses: 475742
Remote Accesses: 86613
Off-chip Accesses: 21200
Protocol Writeback: 30384
Replacement Writeback: 11681
Total Cycle Count: 3118506
Mean Cycle Per Req.: 5.34397957348
rcor@botanist:/media/rcor/USBROCHA/working-paper/PA/p2$ python cachesim.py examples/trace2.txt -stats #2
Total Reads: 507093
Total Writes: 76462
Total Requests: 583555
Hit Rate: 0.825214418521
Direct Write: 33529
Invalidations: 44694
Invalidation Sent: 42933
Private Accesses: 481558
Remote Accesses: 91373
Off-chip Accesses: 10624
Protocol Writeback: 36274
Replacement Writeback: 5518
Total Cycle Count: 2856623
Mean Cycle Per Req.: 4.89520782103
rcor@botanist:/media/rcor/USBROCHA/working-paper/PA/p2$ python cachesim.py examples/trace2.txt -stats #4
Total Reads: 507093
Total Writes: 76462
Total Requests: 583555
Hit Rate: 0.84227022303
Direct Write: 34942
Invalidations: 52559
Invalidation Sent: 41520
Private Accesses: 491511
Remote Accesses: 91537
Off-chip Accesses: 507
Protocol Writeback: 39537
Replacement Writeback: 0
Total Cycle Count: 2547924
Mean Cycle Per Req.: 4.36621055428
rcor@botanist:/media/rcor/USBROCHA/working-paper/PA/p2$ python cachesim.py examples/trace2.txt -stats  #6
Total Reads: 507093
Total Writes: 76462
Total Requests: 583555
Hit Rate: 0.84227022303
Direct Write: 34942
Invalidations: 52559
Invalidation Sent: 41520
Private Accesses: 491511
Remote Accesses: 91537
Off-chip Accesses: 507
Protocol Writeback: 39537
Replacement Writeback: 0
Total Cycle Count: 2547924
Mean Cycle Per Req.: 4.36621055428
rcor@botanist:/media/rcor/USBROCHA/working-paper/PA/p2$ python cachesim.py examples/trace2.txt -stats #8
Total Reads: 507093
Total Writes: 76462
Total Requests: 583555
Hit Rate: 0.832197479244
Direct Write: 31639
Invalidations: 61300
Invalidation Sent: 44823
Private Accesses: 485633
Remote Accesses: 97666
Off-chip Accesses: 256
Protocol Writeback: 39335
Replacement Writeback: 0
Total Cycle Count: 2633683
Mean Cycle Per Req.: 4.5131701382
rcor@botanist:/media/rcor/USBROCHA/working-paper/PA/p2$ python cachesim.py examples/trace2.txt -stats #10
Total Reads: 507093
Total Writes: 76462
Total Requests: 583555
Hit Rate: 0.832197479244
Direct Write: 31639
Invalidations: 61300
Invalidation Sent: 44823
Private Accesses: 485633
Remote Accesses: 97666
Off-chip Accesses: 256
Protocol Writeback: 39335
Replacement Writeback: 0
Total Cycle Count: 2633683
Mean Cycle Per Req.: 4.5131701382
rcor@botanist:/media/rcor/USBROCHA/working-paper/PA/p2$ python cachesim.py examples/trace2.txt -stats  #12
Total Reads: 507093
Total Writes: 76462
Total Requests: 583555
Hit Rate: 0.832197479244
Direct Write: 31639
Invalidations: 61300
Invalidation Sent: 44823
Private Accesses: 485633
Remote Accesses: 97666
Off-chip Accesses: 256
Protocol Writeback: 39335
Replacement Writeback: 0
Total Cycle Count: 2633683
Mean Cycle Per Req.: 4.5131701382
rcor@botanist:/media/rcor/USBROCHA/working-paper/PA/p2$ python cachesim.py examples/trace2.txt -stats  #16
Total Reads: 507093
Total Writes: 76462
Total Requests: 583555
Hit Rate: 0.81324982221
Direct Write: 23084
Invalidations: 78733
Invalidation Sent: 53378
Private Accesses: 474576
Remote Accesses: 108851
Off-chip Accesses: 128
Protocol Writeback: 37835
Replacement Writeback: 0
Total Cycle Count: 2798337
Mean Cycle Per Req.: 4.79532691863
rcor@botanist:/media/rcor/USBROCHA/working-paper/PA/p2$ python cachesim.py examples/trace2.txt -stats  #20
Total Reads: 507093
Total Writes: 76462
Total Requests: 583555
Hit Rate: 0.81324982221
Direct Write: 23084
Invalidations: 78733
Invalidation Sent: 53378
Private Accesses: 474576
Remote Accesses: 108851
Off-chip Accesses: 128
Protocol Writeback: 37835
Replacement Writeback: 0
Total Cycle Count: 2798337
Mean Cycle Per Req.: 4.79532691863


----------------------------------------------
rcor@botanist:/media/rcor/USBROCHA/working-paper/PA/p2$ python cachesim.py examples/trace2.txt -stats -dir #1
Total Reads: 507093
Total Writes: 76462
Total Requests: 583555
Hit Rate: 0.842446727386
Direct Write: 40469
Invalidations: 21965
Invalidation Sent: 21965
Private Accesses: 491614
Remote Accesses: 49344
Off-chip Accesses: 42597
Protocol Writeback: 22737
Replacement Writeback: 12449
Total Cycle Count: 2335580
Mean Cycle Per Req.: 4.00233054297
rcor@botanist:/media/rcor/USBROCHA/working-paper/PA/p2$ python cachesim.py examples/trace2.txt -stats -dir #2
Total Reads: 507093
Total Writes: 76462
Total Requests: 583555
Hit Rate: 0.870279579474
Direct Write: 42788
Invalidations: 27543
Invalidation Sent: 27227
Private Accesses: 507856
Remote Accesses: 55993
Off-chip Accesses: 19706
Protocol Writeback: 26652
Replacement Writeback: 5766
Total Cycle Count: 2027248
Mean Cycle Per Req.: 3.47396218009
rcor@botanist:/media/rcor/USBROCHA/working-paper/PA/p2$ python cachesim.py examples/trace2.txt -stats -dir #4
Total Reads: 507093
Total Writes: 76462
Total Requests: 583555
Hit Rate: 0.885827385593
Direct Write: 42297
Invalidations: 34693
Invalidation Sent: 33898
Private Accesses: 516929
Remote Accesses: 66119
Off-chip Accesses: 507
Protocol Writeback: 31875
Replacement Writeback: 0
Total Cycle Count: 1812761
Mean Cycle Per Req.: 3.10640984997
rcor@botanist:/media/rcor/USBROCHA/working-paper/PA/p2$ python cachesim.py examples/trace2.txt -stats -dir #6
Total Reads: 507093
Total Writes: 76462
Total Requests: 583555
Hit Rate: 0.885827385593
Direct Write: 42297
Invalidations: 34693
Invalidation Sent: 33898
Private Accesses: 516929
Remote Accesses: 66119
Off-chip Accesses: 507
Protocol Writeback: 31875
Replacement Writeback: 0
Total Cycle Count: 1812761
Mean Cycle Per Req.: 3.10640984997
rcor@botanist:/media/rcor/USBROCHA/working-paper/PA/p2$ python cachesim.py examples/trace2.txt -stats -dir #8
Total Reads: 507093
Total Writes: 76462
Total Requests: 583555
Hit Rate: 0.881354799462
Direct Write: 38535
Invalidations: 39708
Invalidation Sent: 37792
Private Accesses: 514319
Remote Accesses: 68980
Off-chip Accesses: 256
Protocol Writeback: 30987
Replacement Writeback: 0
Total Cycle Count: 1859914
Mean Cycle Per Req.: 3.18721285911
rcor@botanist:/media/rcor/USBROCHA/working-paper/PA/p2$ python cachesim.py examples/trace2.txt -stats -dir #10
Total Reads: 507093
Total Writes: 76462
Total Requests: 583555
Hit Rate: 0.881354799462
Direct Write: 38535
Invalidations: 39708
Invalidation Sent: 37792
Private Accesses: 514319
Remote Accesses: 68980
Off-chip Accesses: 256
Protocol Writeback: 30987
Replacement Writeback: 0
Total Cycle Count: 1859914
Mean Cycle Per Req.: 3.18721285911
rcor@botanist:/media/rcor/USBROCHA/working-paper/PA/p2$ python cachesim.py examples/trace2.txt -stats -dir #12
Total Reads: 507093
Total Writes: 76462
Total Requests: 583555
Hit Rate: 0.881354799462
Direct Write: 38535
Invalidations: 39708
Invalidation Sent: 37792
Private Accesses: 514319
Remote Accesses: 68980
Off-chip Accesses: 256
Protocol Writeback: 30987
Replacement Writeback: 0
Total Cycle Count: 1859914
Mean Cycle Per Req.: 3.18721285911
rcor@botanist:/media/rcor/USBROCHA/working-paper/PA/p2$ python cachesim.py examples/trace2.txt -stats -dir  #16
Total Reads: 507093
Total Writes: 76462
Total Requests: 583555
Hit Rate: 0.873537198722
Direct Write: 29554
Invalidations: 50581
Invalidation Sent: 46836
Private Accesses: 509757
Remote Accesses: 73670
Off-chip Accesses: 128
Protocol Writeback: 26729
Replacement Writeback: 0
Total Cycle Count: 1923848
Mean Cycle Per Req.: 3.29677236936
rcor@botanist:/media/rcor/USBROCHA/working-paper/PA/p2$ python cachesim.py examples/trace2.txt -stats -dir #20
Total Reads: 507093
Total Writes: 76462
Total Requests: 583555
Hit Rate: 0.873537198722
Direct Write: 29554
Invalidations: 50581
Invalidation Sent: 46836
Private Accesses: 509757
Remote Accesses: 73670
Off-chip Accesses: 128
Protocol Writeback: 26729
Replacement Writeback: 0
Total Cycle Count: 1923848
Mean Cycle Per Req.: 3.29677236936


------------------------------------------------
rcor@botanist:/media/rcor/USBROCHA/working-paper/PA/p2$ python cachesim.py examples/trace2.txt -stats -mesi1 #1
Total Reads: 507093
Total Writes: 76462
Total Requests: 583555
Hit Rate: 0.851104009048
Direct Write: 43070
Invalidations: 18543
Invalidation Sent: 100176
Private Accesses: 496666
Remote Accesses: 63381
Off-chip Accesses: 23508
Protocol Writeback: 20595
Replacement Writeback: 12619
Total Cycle Count: 2840269
Mean Cycle Per Req.: 4.86718304187
rcor@botanist:/media/rcor/USBROCHA/working-paper/PA/p2$ python cachesim.py examples/trace2.txt -stats -mesi1 #2
Total Reads: 507093
Total Writes: 76462
Total Requests: 583555
Hit Rate: 0.851400467822
Direct Write: 40952
Invalidations: 36154
Invalidation Sent: 105794
Private Accesses: 496839
Remote Accesses: 75179
Off-chip Accesses: 11537
Protocol Writeback: 28936
Replacement Writeback: 5748
Total Cycle Count: 2641393
Mean Cycle Per Req.: 4.52638226046
rcor@botanist:/media/rcor/USBROCHA/working-paper/PA/p2$ python cachesim.py examples/trace2.txt -stats -mesi1 #4
Total Reads: 507093
Total Writes: 76462
Total Requests: 583555
Hit Rate: 0.855568027007
Direct Write: 38839
Invalidations: 48557
Invalidation Sent: 111159
Private Accesses: 499271
Remote Accesses: 83641
Off-chip Accesses: 643
Protocol Writeback: 35757
Replacement Writeback: 0
Total Cycle Count: 2433414
Mean Cycle Per Req.: 4.16998226388
rcor@botanist:/media/rcor/USBROCHA/working-paper/PA/p2$ python cachesim.py examples/trace2.txt -stats -mesi1 #6
Total Reads: 507093
Total Writes: 76462
Total Requests: 583555
Hit Rate: 0.855568027007
Direct Write: 38839
Invalidations: 48557
Invalidation Sent: 111159
Private Accesses: 499271
Remote Accesses: 83641
Off-chip Accesses: 643
Protocol Writeback: 35757
Replacement Writeback: 0
Total Cycle Count: 2433414
Mean Cycle Per Req.: 4.16998226388
rcor@botanist:/media/rcor/USBROCHA/working-paper/PA/p2$ python cachesim.py examples/trace2.txt -stats -mesi1 #8
Total Reads: 507093
Total Writes: 76462
Total Requests: 583555
Hit Rate: 0.836632365415
Direct Write: 32916
Invalidations: 59932
Invalidation Sent: 125324
Private Accesses: 488221
Remote Accesses: 94993
Off-chip Accesses: 341
Protocol Writeback: 38085
Replacement Writeback: 0
Total Cycle Count: 2596170
Mean Cycle Per Req.: 4.44888656596
rcor@botanist:/media/rcor/USBROCHA/working-paper/PA/p2$ python cachesim.py examples/trace2.txt -stats -mesi1 #10
Total Reads: 507093
Total Writes: 76462
Total Requests: 583555
Hit Rate: 0.836632365415
Direct Write: 32916
Invalidations: 59932
Invalidation Sent: 125324
Private Accesses: 488221
Remote Accesses: 94993
Off-chip Accesses: 341
Protocol Writeback: 38085
Replacement Writeback: 0
Total Cycle Count: 2596170
Mean Cycle Per Req.: 4.44888656596
rcor@botanist:/media/rcor/USBROCHA/working-paper/PA/p2$ python cachesim.py examples/trace2.txt -stats -mesi1 #12
Total Reads: 507093
Total Writes: 76462
Total Requests: 583555
Hit Rate: 0.836632365415
Direct Write: 32916
Invalidations: 59932
Invalidation Sent: 125324
Private Accesses: 488221
Remote Accesses: 94993
Off-chip Accesses: 341
Protocol Writeback: 38085
Replacement Writeback: 0
Total Cycle Count: 2596170
Mean Cycle Per Req.: 4.44888656596
rcor@botanist:/media/rcor/USBROCHA/working-paper/PA/p2$ python cachesim.py examples/trace2.txt -stats -mesi1 #16
Total Reads: 507093
Total Writes: 76462
Total Requests: 583555
Hit Rate: 0.813849594297
Direct Write: 23260
Invalidations: 78525
Invalidation Sent: 143980
Private Accesses: 474926
Remote Accesses: 108467
Off-chip Accesses: 162
Protocol Writeback: 37682
Replacement Writeback: 0
Total Cycle Count: 2793628
Mean Cycle Per Req.: 4.78725741361
rcor@botanist:/media/rcor/USBROCHA/working-paper/PA/p2$ python cachesim.py examples/trace2.txt -stats -mesi1 #20
Total Reads: 507093
Total Writes: 76462
Total Requests: 583555
Hit Rate: 0.813849594297
Direct Write: 23260
Invalidations: 78525
Invalidation Sent: 143980
Private Accesses: 474926
Remote Accesses: 108467
Off-chip Accesses: 162
Protocol Writeback: 37682
Replacement Writeback: 0
Total Cycle Count: 2793628
Mean Cycle Per Req.: 4.78725741361


--------------------------------------------------
rcor@botanist:/media/rcor/USBROCHA/working-paper/PA/p2$ python cachesim.py examples/trace2.txt -stats -mesi2 #1
Total Reads: 507093
Total Writes: 76462
Total Requests: 583555
Hit Rate: 0.851104009048
Direct Write: 43070
Invalidations: 18543
Invalidation Sent: 100176
Private Accesses: 496666
Remote Accesses: 63381
Off-chip Accesses: 23508
Protocol Writeback: 20595
Replacement Writeback: 12619
Total Cycle Count: 2771347
Mean Cycle Per Req.: 4.74907592258
rcor@botanist:/media/rcor/USBROCHA/working-paper/PA/p2$ python cachesim.py examples/trace2.txt -stats -mesi2 #2
Total Reads: 507093
Total Writes: 76462
Total Requests: 583555
Hit Rate: 0.851400467822
Direct Write: 40952
Invalidations: 36154
Invalidation Sent: 105794
Private Accesses: 496839
Remote Accesses: 75179
Off-chip Accesses: 11537
Protocol Writeback: 28936
Replacement Writeback: 5748
Total Cycle Count: 2600280
Mean Cycle Per Req.: 4.45592960389
rcor@botanist:/media/rcor/USBROCHA/working-paper/PA/p2$ python cachesim.py examples/trace2.txt -stats -mesi2 #4
Total Reads: 507093
Total Writes: 76462
Total Requests: 583555
Hit Rate: 0.855568027007
Direct Write: 38839
Invalidations: 48557
Invalidation Sent: 111159
Private Accesses: 499271
Remote Accesses: 83641
Off-chip Accesses: 643
Protocol Writeback: 35757
Replacement Writeback: 0
Total Cycle Count: 2432247
Mean Cycle Per Req.: 4.16798245238
rcor@botanist:/media/rcor/USBROCHA/working-paper/PA/p2$ python cachesim.py examples/trace2.txt -stats -mesi2 #6
Total Reads: 507093
Total Writes: 76462
Total Requests: 583555
Hit Rate: 0.855568027007
Direct Write: 38839
Invalidations: 48557
Invalidation Sent: 111159
Private Accesses: 499271
Remote Accesses: 83641
Off-chip Accesses: 643
Protocol Writeback: 35757
Replacement Writeback: 0
Total Cycle Count: 2432297
Mean Cycle Per Req.: 4.16806813411
rcor@botanist:/media/rcor/USBROCHA/working-paper/PA/p2$ python cachesim.py examples/trace2.txt -stats -mesi2 #8
Total Reads: 507093
Total Writes: 76462
Total Requests: 583555
Hit Rate: 0.836632365415
Direct Write: 32916
Invalidations: 59932
Invalidation Sent: 125324
Private Accesses: 488221
Remote Accesses: 94993
Off-chip Accesses: 341
Protocol Writeback: 38085
Replacement Writeback: 0
Total Cycle Count: 2595341
Mean Cycle Per Req.: 4.44746596293
rcor@botanist:/media/rcor/USBROCHA/working-paper/PA/p2$ python cachesim.py examples/trace2.txt -stats -mesi2 #10
Total Reads: 507093
Total Writes: 76462
Total Requests: 583555
Hit Rate: 0.836632365415
Direct Write: 32916
Invalidations: 59932
Invalidation Sent: 125324
Private Accesses: 488221
Remote Accesses: 94993
Off-chip Accesses: 341
Protocol Writeback: 38085
Replacement Writeback: 0
Total Cycle Count: 2595391
Mean Cycle Per Req.: 4.44755164466
rcor@botanist:/media/rcor/USBROCHA/working-paper/PA/p2$ python cachesim.py examples/trace2.txt -stats -mesi2 #12
Total Reads: 507093
Total Writes: 76462
Total Requests: 583555
Hit Rate: 0.836632365415
Direct Write: 32916
Invalidations: 59932
Invalidation Sent: 125324
Private Accesses: 488221
Remote Accesses: 94993
Off-chip Accesses: 341
Protocol Writeback: 38085
Replacement Writeback: 0
Total Cycle Count: 2595431
Mean Cycle Per Req.: 4.44762019004
rcor@botanist:/media/rcor/USBROCHA/working-paper/PA/p2$ python cachesim.py examples/trace2.txt -stats -mesi2 #16
Total Reads: 507093
Total Writes: 76462
Total Requests: 583555
Hit Rate: 0.813849594297
Direct Write: 23260
Invalidations: 78525
Invalidation Sent: 143980
Private Accesses: 474926
Remote Accesses: 108467
Off-chip Accesses: 162
Protocol Writeback: 37682
Replacement Writeback: 0
Total Cycle Count: 2793210
Mean Cycle Per Req.: 4.78654111438
rcor@botanist:/media/rcor/USBROCHA/working-paper/PA/p2$ python cachesim.py examples/trace2.txt -stats -mesi2 #20
Total Reads: 507093
Total Writes: 76462
Total Requests: 583555
Hit Rate: 0.813849594297
Direct Write: 23260
Invalidations: 78525
Invalidation Sent: 143980
Private Accesses: 474926
Remote Accesses: 108467
Off-chip Accesses: 162
Protocol Writeback: 37682
Replacement Writeback: 0
Total Cycle Count: 2793260
Mean Cycle Per Req.: 4.7866267961





